[08:14:37] Loading models...
[08:15:00] Processing and tokenizing HH-RLHF dataset...
[08:37:40] Caching dataset to dataset_cache.pkl...
[08:37:41] Starting 10,000 Step DPO Run...
[08:39:16] Step 00010 | Loss: 0.691487 | Reward Acc: 0.5000
[08:39:20] Step 00020 | Loss: 0.688281 | Reward Acc: 0.5000
[08:39:24] Step 00030 | Loss: 0.689600 | Reward Acc: 0.5000
[08:39:28] Step 00040 | Loss: 0.689332 | Reward Acc: 1.0000
[08:39:32] Step 00050 | Loss: 0.692669 | Reward Acc: 0.5000
[08:39:36] Step 00060 | Loss: 0.695429 | Reward Acc: 0.5000
[08:39:40] Step 00070 | Loss: 0.705112 | Reward Acc: 0.0000
[08:39:44] Step 00080 | Loss: 0.703713 | Reward Acc: 0.0000
[08:39:48] Step 00090 | Loss: 0.683175 | Reward Acc: 0.5000
[08:39:52] Step 00100 | Loss: 0.665878 | Reward Acc: 1.0000
[08:39:56] Step 00110 | Loss: 0.689616 | Reward Acc: 0.5000
[08:39:59] Step 00120 | Loss: 0.651944 | Reward Acc: 0.5000
[08:40:03] Step 00130 | Loss: 0.698812 | Reward Acc: 0.0000
[08:40:07] Step 00140 | Loss: 0.658462 | Reward Acc: 1.0000
[08:40:11] Step 00150 | Loss: 0.642987 | Reward Acc: 1.0000
[08:40:15] Step 00160 | Loss: 0.677675 | Reward Acc: 0.5000
[08:40:19] Step 00170 | Loss: 0.713741 | Reward Acc: 0.5000
[08:40:23] Step 00180 | Loss: 0.694638 | Reward Acc: 0.5000
[08:40:27] Step 00190 | Loss: 0.678911 | Reward Acc: 1.0000
[08:40:31] Step 00200 | Loss: 0.684905 | Reward Acc: 0.5000
[08:40:35] Step 00210 | Loss: 0.667972 | Reward Acc: 0.5000
[08:40:39] Step 00220 | Loss: 0.680084 | Reward Acc: 0.5000
[08:40:43] Step 00230 | Loss: 0.662705 | Reward Acc: 0.5000
[08:40:47] Step 00240 | Loss: 0.639169 | Reward Acc: 1.0000
[08:40:51] Step 00250 | Loss: 0.691239 | Reward Acc: 0.5000
[08:40:55] Step 00260 | Loss: 0.788730 | Reward Acc: 0.0000
[08:40:59] Step 00270 | Loss: 0.724305 | Reward Acc: 0.0000
[08:41:03] Step 00280 | Loss: 0.649098 | Reward Acc: 1.0000
[08:41:07] Step 00290 | Loss: 0.624331 | Reward Acc: 0.5000
[08:41:10] Step 00300 | Loss: 0.630467 | Reward Acc: 0.5000
[08:41:14] Step 00310 | Loss: 0.698618 | Reward Acc: 0.0000
[08:41:18] Step 00320 | Loss: 0.735823 | Reward Acc: 0.0000
[08:41:22] Step 00330 | Loss: 0.592118 | Reward Acc: 0.5000
[08:41:26] Step 00340 | Loss: 0.687054 | Reward Acc: 0.5000
[08:41:30] Step 00350 | Loss: 0.632759 | Reward Acc: 0.5000
[08:41:34] Step 00360 | Loss: 0.699079 | Reward Acc: 0.5000
[08:41:38] Step 00370 | Loss: 0.807798 | Reward Acc: 0.0000
[08:41:42] Step 00380 | Loss: 0.694852 | Reward Acc: 0.5000
[08:41:46] Step 00390 | Loss: 0.691795 | Reward Acc: 0.5000
[08:41:50] Step 00400 | Loss: 0.715538 | Reward Acc: 0.5000
[08:41:54] Step 00410 | Loss: 0.711682 | Reward Acc: 0.0000
[08:41:58] Step 00420 | Loss: 0.621280 | Reward Acc: 0.5000
[08:42:02] Step 00430 | Loss: 0.731112 | Reward Acc: 0.0000
[08:42:06] Step 00440 | Loss: 0.735674 | Reward Acc: 0.0000
[08:42:10] Step 00450 | Loss: 0.685383 | Reward Acc: 0.5000
[08:42:14] Step 00460 | Loss: 0.687165 | Reward Acc: 1.0000
[08:42:18] Step 00470 | Loss: 0.566427 | Reward Acc: 1.0000
[08:42:22] Step 00480 | Loss: 0.712669 | Reward Acc: 0.5000
[08:42:26] Step 00490 | Loss: 0.652116 | Reward Acc: 1.0000
[08:42:30] Step 00500 | Loss: 0.795700 | Reward Acc: 0.5000
[08:42:30] Saving checkpoint to checkpoints/ckpt_step_500.pkl...
[08:42:34] Step 00510 | Loss: 0.709261 | Reward Acc: 0.5000
[08:42:38] Step 00520 | Loss: 0.686006 | Reward Acc: 0.5000
[08:42:42] Step 00530 | Loss: 0.720055 | Reward Acc: 0.5000
[08:42:46] Step 00540 | Loss: 0.669037 | Reward Acc: 1.0000
[08:42:50] Step 00550 | Loss: 0.648698 | Reward Acc: 0.5000
[08:42:54] Step 00560 | Loss: 0.595851 | Reward Acc: 0.5000
[08:42:58] Step 00570 | Loss: 0.440998 | Reward Acc: 1.0000
[08:43:02] Step 00580 | Loss: 0.769547 | Reward Acc: 0.0000
[08:43:05] Step 00590 | Loss: 0.785459 | Reward Acc: 0.5000
[08:43:09] Step 00600 | Loss: 0.576047 | Reward Acc: 1.0000
[08:43:13] Step 00610 | Loss: 0.649529 | Reward Acc: 0.5000
[08:43:17] Step 00620 | Loss: 0.593495 | Reward Acc: 1.0000
[08:43:21] Step 00630 | Loss: 0.686060 | Reward Acc: 0.5000
[08:43:25] Step 00640 | Loss: 0.715431 | Reward Acc: 0.5000
[08:43:29] Step 00650 | Loss: 0.504399 | Reward Acc: 1.0000
[08:43:33] Step 00660 | Loss: 0.829816 | Reward Acc: 0.5000
[08:43:37] Step 00670 | Loss: 0.597116 | Reward Acc: 1.0000
[08:43:41] Step 00680 | Loss: 0.641637 | Reward Acc: 0.5000
[08:43:45] Step 00690 | Loss: 0.516285 | Reward Acc: 0.5000
[08:43:49] Step 00700 | Loss: 0.743809 | Reward Acc: 0.0000
[08:43:53] Step 00710 | Loss: 0.598009 | Reward Acc: 0.5000
[08:43:57] Step 00720 | Loss: 0.440201 | Reward Acc: 1.0000
[08:44:01] Step 00730 | Loss: 0.708204 | Reward Acc: 0.5000
[08:44:05] Step 00740 | Loss: 0.687617 | Reward Acc: 0.5000
[08:44:09] Step 00750 | Loss: 0.599091 | Reward Acc: 0.5000
[08:44:13] Step 00760 | Loss: 0.769513 | Reward Acc: 0.0000
[08:44:17] Step 00770 | Loss: 0.734167 | Reward Acc: 0.5000
[08:44:21] Step 00780 | Loss: 0.543990 | Reward Acc: 0.5000
[08:44:25] Step 00790 | Loss: 0.572755 | Reward Acc: 0.5000
[08:44:29] Step 00800 | Loss: 0.516277 | Reward Acc: 1.0000
[08:44:33] Step 00810 | Loss: 0.914229 | Reward Acc: 0.5000
[08:44:37] Step 00820 | Loss: 0.944341 | Reward Acc: 0.5000
[08:44:41] Step 00830 | Loss: 0.648070 | Reward Acc: 0.5000
[08:44:45] Step 00840 | Loss: 0.834636 | Reward Acc: 0.0000
[08:44:49] Step 00850 | Loss: 0.660299 | Reward Acc: 1.0000
[08:44:52] Step 00860 | Loss: 0.585726 | Reward Acc: 1.0000
[08:44:56] Step 00870 | Loss: 0.691005 | Reward Acc: 0.5000
[08:45:00] Step 00880 | Loss: 0.516033 | Reward Acc: 0.5000
[08:45:04] Step 00890 | Loss: 0.921706 | Reward Acc: 0.0000
[08:45:08] Step 00900 | Loss: 0.576051 | Reward Acc: 0.5000
[08:45:12] Step 00910 | Loss: 0.773124 | Reward Acc: 0.0000
[08:45:16] Step 00920 | Loss: 0.672479 | Reward Acc: 0.5000
[08:45:20] Step 00930 | Loss: 0.820502 | Reward Acc: 0.0000
[08:45:24] Step 00940 | Loss: 0.650775 | Reward Acc: 1.0000
[08:45:28] Step 00950 | Loss: 0.630166 | Reward Acc: 1.0000
[08:45:32] Step 00960 | Loss: 0.667079 | Reward Acc: 0.5000
[08:45:36] Step 00970 | Loss: 0.623995 | Reward Acc: 0.5000
[08:45:40] Step 00980 | Loss: 0.402950 | Reward Acc: 1.0000
[08:45:44] Step 00990 | Loss: 0.601527 | Reward Acc: 1.0000
[08:45:48] Step 01000 | Loss: 0.847907 | Reward Acc: 0.0000
[08:45:48] Saving checkpoint to checkpoints/ckpt_step_1000.pkl...
[08:45:52] Step 01010 | Loss: 0.681338 | Reward Acc: 0.5000
[08:45:56] Step 01020 | Loss: 0.647464 | Reward Acc: 1.0000
[08:46:00] Step 01030 | Loss: 0.893227 | Reward Acc: 0.0000
[08:46:04] Step 01040 | Loss: 0.602413 | Reward Acc: 0.5000
[08:46:08] Step 01050 | Loss: 0.558650 | Reward Acc: 0.5000
[08:46:12] Step 01060 | Loss: 0.673834 | Reward Acc: 1.0000
[08:46:16] Step 01070 | Loss: 0.631762 | Reward Acc: 0.5000
[08:46:20] Step 01080 | Loss: 0.656608 | Reward Acc: 0.5000
[08:46:24] Step 01090 | Loss: 0.774569 | Reward Acc: 0.5000
[08:46:28] Step 01100 | Loss: 0.772843 | Reward Acc: 0.0000
[08:46:32] Step 01110 | Loss: 0.698141 | Reward Acc: 0.5000
[08:46:36] Step 01120 | Loss: 0.732959 | Reward Acc: 0.5000
[08:46:39] Step 01130 | Loss: 0.752220 | Reward Acc: 0.0000
[08:46:43] Step 01140 | Loss: 0.742356 | Reward Acc: 0.0000
[08:46:47] Step 01150 | Loss: 0.722544 | Reward Acc: 0.0000
[08:46:51] Step 01160 | Loss: 0.697778 | Reward Acc: 0.5000
[08:46:55] Step 01170 | Loss: 0.636799 | Reward Acc: 0.5000
[08:46:59] Step 01180 | Loss: 0.438069 | Reward Acc: 1.0000
[08:47:03] Step 01190 | Loss: 0.509510 | Reward Acc: 1.0000
[08:47:07] Step 01200 | Loss: 0.723242 | Reward Acc: 0.5000
[08:47:11] Step 01210 | Loss: 0.639922 | Reward Acc: 1.0000
[08:47:15] Step 01220 | Loss: 1.132246 | Reward Acc: 0.5000
[08:47:19] Step 01230 | Loss: 0.683090 | Reward Acc: 0.5000
[08:47:23] Step 01240 | Loss: 0.880457 | Reward Acc: 0.0000
[08:47:27] Step 01250 | Loss: 0.670263 | Reward Acc: 0.5000
[08:47:31] Step 01260 | Loss: 0.850922 | Reward Acc: 0.5000
[08:47:35] Step 01270 | Loss: 0.603795 | Reward Acc: 1.0000
[08:47:39] Step 01280 | Loss: 0.555516 | Reward Acc: 1.0000
[08:47:43] Step 01290 | Loss: 0.833984 | Reward Acc: 0.0000
[08:47:47] Step 01300 | Loss: 0.696780 | Reward Acc: 0.5000
[08:47:51] Step 01310 | Loss: 1.142327 | Reward Acc: 0.5000
[08:47:55] Step 01320 | Loss: 0.798324 | Reward Acc: 0.0000
[08:47:59] Step 01330 | Loss: 0.984350 | Reward Acc: 0.0000
[08:48:03] Step 01340 | Loss: 0.638999 | Reward Acc: 0.5000
[08:48:07] Step 01350 | Loss: 0.521146 | Reward Acc: 1.0000
[08:48:11] Step 01360 | Loss: 0.701549 | Reward Acc: 0.5000
[08:48:15] Step 01370 | Loss: 0.497342 | Reward Acc: 1.0000
[08:48:18] Step 01380 | Loss: 0.814160 | Reward Acc: 0.0000
[08:48:22] Step 01390 | Loss: 0.715912 | Reward Acc: 0.0000
[08:48:26] Step 01400 | Loss: 0.609334 | Reward Acc: 1.0000
[08:48:30] Step 01410 | Loss: 0.724767 | Reward Acc: 0.0000
[08:48:34] Step 01420 | Loss: 0.717763 | Reward Acc: 0.0000
[08:48:38] Step 01430 | Loss: 0.679868 | Reward Acc: 0.5000
[08:48:42] Step 01440 | Loss: 0.545947 | Reward Acc: 1.0000
[08:48:46] Step 01450 | Loss: 0.806972 | Reward Acc: 0.5000
[08:48:50] Step 01460 | Loss: 0.782525 | Reward Acc: 0.5000
[08:48:54] Step 01470 | Loss: 0.678428 | Reward Acc: 1.0000
[08:48:58] Step 01480 | Loss: 0.700566 | Reward Acc: 0.5000
[08:49:02] Step 01490 | Loss: 1.022066 | Reward Acc: 0.0000
[08:49:06] Step 01500 | Loss: 0.649182 | Reward Acc: 0.5000
[08:49:06] Saving checkpoint to checkpoints/ckpt_step_1500.pkl...
[08:49:10] Step 01510 | Loss: 0.732201 | Reward Acc: 0.5000
[08:49:14] Step 01520 | Loss: 0.612879 | Reward Acc: 1.0000
[08:49:18] Step 01530 | Loss: 0.656128 | Reward Acc: 1.0000
[08:49:22] Step 01540 | Loss: 0.517163 | Reward Acc: 0.5000
[08:49:26] Step 01550 | Loss: 0.472158 | Reward Acc: 0.5000
[08:49:30] Step 01560 | Loss: 0.436518 | Reward Acc: 1.0000
[08:49:34] Step 01570 | Loss: 0.705194 | Reward Acc: 0.5000
[08:49:38] Step 01580 | Loss: 0.593128 | Reward Acc: 1.0000
[08:49:42] Step 01590 | Loss: 0.540216 | Reward Acc: 1.0000
[08:49:46] Step 01600 | Loss: 0.835595 | Reward Acc: 0.5000
[08:49:50] Step 01610 | Loss: 0.504481 | Reward Acc: 1.0000
[08:49:54] Step 01620 | Loss: 0.547596 | Reward Acc: 1.0000
[08:49:58] Step 01630 | Loss: 0.570826 | Reward Acc: 0.5000
[08:50:02] Step 01640 | Loss: 0.682299 | Reward Acc: 0.5000
[08:50:06] Step 01650 | Loss: 0.437556 | Reward Acc: 1.0000
[08:50:09] Step 01660 | Loss: 0.751564 | Reward Acc: 0.0000
[08:50:13] Step 01670 | Loss: 0.935945 | Reward Acc: 0.5000
[08:50:17] Step 01680 | Loss: 0.789452 | Reward Acc: 0.0000
[08:50:21] Step 01690 | Loss: 0.812325 | Reward Acc: 0.0000
[08:50:25] Step 01700 | Loss: 0.630313 | Reward Acc: 0.5000
[08:50:29] Step 01710 | Loss: 0.693673 | Reward Acc: 0.5000
[08:50:33] Step 01720 | Loss: 0.702253 | Reward Acc: 0.5000
[08:50:37] Step 01730 | Loss: 0.558930 | Reward Acc: 0.5000
[08:50:41] Step 01740 | Loss: 0.900429 | Reward Acc: 0.0000
[08:50:45] Step 01750 | Loss: 0.567669 | Reward Acc: 0.5000
[08:50:49] Step 01760 | Loss: 0.700325 | Reward Acc: 0.5000
[08:50:53] Step 01770 | Loss: 0.602469 | Reward Acc: 1.0000
[08:50:57] Step 01780 | Loss: 0.753322 | Reward Acc: 0.0000
[08:51:01] Step 01790 | Loss: 0.695360 | Reward Acc: 0.5000
[08:51:05] Step 01800 | Loss: 0.492487 | Reward Acc: 1.0000
[08:51:09] Step 01810 | Loss: 0.735141 | Reward Acc: 0.5000
[08:51:13] Step 01820 | Loss: 0.757417 | Reward Acc: 0.5000
[08:51:17] Step 01830 | Loss: 0.661376 | Reward Acc: 0.5000
[08:51:21] Step 01840 | Loss: 0.608130 | Reward Acc: 1.0000
[08:51:25] Step 01850 | Loss: 0.652711 | Reward Acc: 1.0000
[08:51:29] Step 01860 | Loss: 0.726925 | Reward Acc: 0.5000
[08:51:33] Step 01870 | Loss: 0.812466 | Reward Acc: 0.0000
[08:51:37] Step 01880 | Loss: 0.420947 | Reward Acc: 1.0000
[08:51:41] Step 01890 | Loss: 0.565118 | Reward Acc: 1.0000
[08:51:45] Step 01900 | Loss: 0.598580 | Reward Acc: 1.0000
[08:51:49] Step 01910 | Loss: 0.993451 | Reward Acc: 0.5000
[08:51:52] Step 01920 | Loss: 0.756950 | Reward Acc: 0.0000
[08:51:56] Step 01930 | Loss: 0.701388 | Reward Acc: 0.5000
[08:52:00] Step 01940 | Loss: 0.600377 | Reward Acc: 1.0000
[08:52:04] Step 01950 | Loss: 0.606917 | Reward Acc: 1.0000
[08:52:08] Step 01960 | Loss: 0.586042 | Reward Acc: 1.0000
[08:52:12] Step 01970 | Loss: 0.641909 | Reward Acc: 0.5000
[08:52:16] Step 01980 | Loss: 0.622781 | Reward Acc: 1.0000
[08:52:20] Step 01990 | Loss: 0.637713 | Reward Acc: 1.0000
[08:52:24] Step 02000 | Loss: 0.975306 | Reward Acc: 0.5000
[08:52:24] Saving checkpoint to checkpoints/ckpt_step_2000.pkl...
[08:52:28] Step 02010 | Loss: 0.541497 | Reward Acc: 1.0000
[08:52:32] Step 02020 | Loss: 0.575609 | Reward Acc: 1.0000
[08:52:36] Step 02030 | Loss: 0.653055 | Reward Acc: 1.0000
[08:52:40] Step 02040 | Loss: 0.539602 | Reward Acc: 1.0000
[08:52:44] Step 02050 | Loss: 0.692086 | Reward Acc: 0.5000
[08:52:48] Step 02060 | Loss: 0.668497 | Reward Acc: 0.5000
[08:52:52] Step 02070 | Loss: 0.846551 | Reward Acc: 0.0000
[08:52:56] Step 02080 | Loss: 0.740064 | Reward Acc: 0.0000
[08:53:00] Step 02090 | Loss: 0.797925 | Reward Acc: 0.0000
[08:53:04] Step 02100 | Loss: 0.828965 | Reward Acc: 0.0000
[08:53:08] Step 02110 | Loss: 0.664548 | Reward Acc: 0.5000
[08:53:12] Step 02120 | Loss: 0.643348 | Reward Acc: 0.5000
[08:53:16] Step 02130 | Loss: 0.645961 | Reward Acc: 1.0000
[08:53:20] Step 02140 | Loss: 0.661418 | Reward Acc: 0.5000
[08:53:24] Step 02150 | Loss: 0.503276 | Reward Acc: 1.0000
[08:53:28] Step 02160 | Loss: 0.644052 | Reward Acc: 1.0000
[08:53:32] Step 02170 | Loss: 0.684444 | Reward Acc: 0.5000
[08:53:36] Step 02180 | Loss: 0.597044 | Reward Acc: 0.5000
[08:53:40] Step 02190 | Loss: 0.619261 | Reward Acc: 0.5000
[08:53:43] Step 02200 | Loss: 0.526351 | Reward Acc: 1.0000
[08:53:47] Step 02210 | Loss: 0.584761 | Reward Acc: 1.0000
[08:53:51] Step 02220 | Loss: 0.671307 | Reward Acc: 0.5000
[08:53:55] Step 02230 | Loss: 0.682715 | Reward Acc: 0.5000
[08:53:59] Step 02240 | Loss: 0.731088 | Reward Acc: 0.5000
[08:54:03] Step 02250 | Loss: 0.742092 | Reward Acc: 0.0000
[08:54:07] Step 02260 | Loss: 0.992029 | Reward Acc: 0.0000
[08:54:11] Step 02270 | Loss: 0.547353 | Reward Acc: 0.5000
[08:54:15] Step 02280 | Loss: 0.685776 | Reward Acc: 0.5000
[08:54:19] Step 02290 | Loss: 0.707423 | Reward Acc: 0.5000
[08:54:23] Step 02300 | Loss: 0.709818 | Reward Acc: 0.5000
[08:54:27] Step 02310 | Loss: 0.610329 | Reward Acc: 1.0000
[08:54:31] Step 02320 | Loss: 0.700098 | Reward Acc: 0.5000
[08:54:35] Step 02330 | Loss: 0.703089 | Reward Acc: 0.5000
[08:54:39] Step 02340 | Loss: 0.537786 | Reward Acc: 1.0000
[08:54:43] Step 02350 | Loss: 0.731095 | Reward Acc: 0.5000
[08:54:47] Step 02360 | Loss: 0.685133 | Reward Acc: 0.5000
[08:54:51] Step 02370 | Loss: 0.600802 | Reward Acc: 1.0000
[08:54:55] Step 02380 | Loss: 0.629050 | Reward Acc: 0.5000
[08:54:59] Step 02390 | Loss: 0.648069 | Reward Acc: 0.5000
[08:55:03] Step 02400 | Loss: 0.629861 | Reward Acc: 0.5000
[08:55:07] Step 02410 | Loss: 0.642318 | Reward Acc: 1.0000
[08:55:11] Step 02420 | Loss: 0.723443 | Reward Acc: 0.0000
[08:55:15] Step 02430 | Loss: 0.644844 | Reward Acc: 1.0000
[08:55:19] Step 02440 | Loss: 0.635501 | Reward Acc: 1.0000
[08:55:22] Step 02450 | Loss: 0.691492 | Reward Acc: 0.5000
[08:55:26] Step 02460 | Loss: 0.645071 | Reward Acc: 0.5000
[08:55:30] Step 02470 | Loss: 0.650611 | Reward Acc: 1.0000
[08:55:34] Step 02480 | Loss: 0.995830 | Reward Acc: 0.5000
[08:55:38] Step 02490 | Loss: 0.613818 | Reward Acc: 0.5000
[08:55:42] Step 02500 | Loss: 0.744280 | Reward Acc: 0.5000
[08:55:42] Saving checkpoint to checkpoints/ckpt_step_2500.pkl...
[08:55:46] Step 02510 | Loss: 0.465048 | Reward Acc: 1.0000
[08:55:50] Step 02520 | Loss: 0.649928 | Reward Acc: 1.0000
[08:55:54] Step 02530 | Loss: 0.791461 | Reward Acc: 0.0000
[08:55:58] Step 02540 | Loss: 0.640826 | Reward Acc: 1.0000
[08:56:02] Step 02550 | Loss: 0.656168 | Reward Acc: 0.5000
[08:56:06] Step 02560 | Loss: 0.681200 | Reward Acc: 0.5000
[08:56:10] Step 02570 | Loss: 0.728641 | Reward Acc: 0.5000
[08:56:14] Step 02580 | Loss: 0.677448 | Reward Acc: 0.5000
[08:56:18] Step 02590 | Loss: 0.570169 | Reward Acc: 0.5000
[08:56:22] Step 02600 | Loss: 0.832719 | Reward Acc: 0.0000
[08:56:26] Step 02610 | Loss: 0.658454 | Reward Acc: 1.0000
[08:56:30] Step 02620 | Loss: 0.540395 | Reward Acc: 0.5000
[08:56:34] Step 02630 | Loss: 0.506728 | Reward Acc: 1.0000
[08:56:38] Step 02640 | Loss: 0.755599 | Reward Acc: 0.5000
[08:56:42] Step 02650 | Loss: 0.537075 | Reward Acc: 1.0000
[08:56:46] Step 02660 | Loss: 0.720027 | Reward Acc: 0.5000
[08:56:50] Step 02670 | Loss: 0.550201 | Reward Acc: 0.5000
[08:56:54] Step 02680 | Loss: 0.645142 | Reward Acc: 1.0000
[08:56:58] Step 02690 | Loss: 0.742297 | Reward Acc: 0.5000
[08:57:02] Step 02700 | Loss: 0.534154 | Reward Acc: 0.5000
[08:57:06] Step 02710 | Loss: 0.493146 | Reward Acc: 0.5000
[08:57:10] Step 02720 | Loss: 0.596691 | Reward Acc: 0.5000
[08:57:13] Step 02730 | Loss: 0.554566 | Reward Acc: 1.0000
[08:57:17] Step 02740 | Loss: 0.806968 | Reward Acc: 0.0000
[08:57:21] Step 02750 | Loss: 0.750493 | Reward Acc: 0.5000
[08:57:25] Step 02760 | Loss: 0.662298 | Reward Acc: 0.5000
[08:57:29] Step 02770 | Loss: 0.842856 | Reward Acc: 0.5000
[08:57:33] Step 02780 | Loss: 0.652326 | Reward Acc: 1.0000
[08:57:37] Step 02790 | Loss: 0.936455 | Reward Acc: 0.5000
[08:57:41] Step 02800 | Loss: 0.568304 | Reward Acc: 1.0000
[08:57:45] Step 02810 | Loss: 0.768026 | Reward Acc: 0.0000
[08:57:49] Step 02820 | Loss: 0.666646 | Reward Acc: 0.5000
[08:57:53] Step 02830 | Loss: 0.728828 | Reward Acc: 0.0000
[08:57:57] Step 02840 | Loss: 0.815063 | Reward Acc: 0.5000
[08:58:01] Step 02850 | Loss: 0.823125 | Reward Acc: 0.0000
[08:58:05] Step 02860 | Loss: 0.688374 | Reward Acc: 0.5000
[08:58:09] Step 02870 | Loss: 0.842118 | Reward Acc: 0.5000
[08:58:13] Step 02880 | Loss: 0.560549 | Reward Acc: 1.0000
[08:58:17] Step 02890 | Loss: 0.411859 | Reward Acc: 0.5000
[08:58:21] Step 02900 | Loss: 0.595424 | Reward Acc: 1.0000
[08:58:25] Step 02910 | Loss: 0.804215 | Reward Acc: 0.0000
[08:58:29] Step 02920 | Loss: 0.489053 | Reward Acc: 1.0000
[08:58:33] Step 02930 | Loss: 0.644593 | Reward Acc: 1.0000
[08:58:37] Step 02940 | Loss: 0.782303 | Reward Acc: 0.5000
[08:58:41] Step 02950 | Loss: 0.698783 | Reward Acc: 0.0000
[08:58:45] Step 02960 | Loss: 0.444231 | Reward Acc: 1.0000
[08:58:49] Step 02970 | Loss: 0.656847 | Reward Acc: 0.5000
[08:58:52] Step 02980 | Loss: 0.581097 | Reward Acc: 0.5000
[08:58:56] Step 02990 | Loss: 0.589255 | Reward Acc: 1.0000
[08:59:00] Step 03000 | Loss: 0.682445 | Reward Acc: 0.5000
[08:59:00] Saving checkpoint to checkpoints/ckpt_step_3000.pkl...
[08:59:04] Step 03010 | Loss: 1.499827 | Reward Acc: 0.0000
[08:59:08] Step 03020 | Loss: 0.701252 | Reward Acc: 0.5000
[08:59:12] Step 03030 | Loss: 0.851617 | Reward Acc: 0.0000
[08:59:16] Step 03040 | Loss: 0.682436 | Reward Acc: 0.5000
[08:59:20] Step 03050 | Loss: 0.746677 | Reward Acc: 0.5000
[08:59:24] Step 03060 | Loss: 0.664428 | Reward Acc: 0.5000
[08:59:28] Step 03070 | Loss: 0.738208 | Reward Acc: 0.0000
[08:59:32] Step 03080 | Loss: 0.742238 | Reward Acc: 0.5000
[08:59:36] Step 03090 | Loss: 0.640220 | Reward Acc: 0.5000
[08:59:40] Step 03100 | Loss: 0.621880 | Reward Acc: 0.5000
[08:59:44] Step 03110 | Loss: 0.584216 | Reward Acc: 1.0000
[08:59:48] Step 03120 | Loss: 0.549097 | Reward Acc: 1.0000
[08:59:52] Step 03130 | Loss: 0.795412 | Reward Acc: 0.0000
[08:59:56] Step 03140 | Loss: 0.419123 | Reward Acc: 1.0000
[09:00:00] Step 03150 | Loss: 0.457948 | Reward Acc: 1.0000
[09:00:04] Step 03160 | Loss: 0.603266 | Reward Acc: 0.5000
[09:00:08] Step 03170 | Loss: 0.623958 | Reward Acc: 0.5000
[09:00:12] Step 03180 | Loss: 0.505802 | Reward Acc: 1.0000
[09:00:16] Step 03190 | Loss: 1.119888 | Reward Acc: 0.0000
[09:00:20] Step 03200 | Loss: 0.589503 | Reward Acc: 1.0000
[09:00:24] Step 03210 | Loss: 0.765638 | Reward Acc: 0.0000
[09:00:28] Step 03220 | Loss: 0.693908 | Reward Acc: 0.5000
[09:00:32] Step 03230 | Loss: 0.698397 | Reward Acc: 0.5000
[09:00:35] Step 03240 | Loss: 0.683224 | Reward Acc: 0.5000
[09:00:39] Step 03250 | Loss: 0.865214 | Reward Acc: 0.5000
[09:00:43] Step 03260 | Loss: 0.646989 | Reward Acc: 1.0000
[09:00:47] Step 03270 | Loss: 0.685554 | Reward Acc: 0.5000
[09:00:51] Step 03280 | Loss: 0.738132 | Reward Acc: 0.0000
[09:00:55] Step 03290 | Loss: 0.562978 | Reward Acc: 1.0000
[09:00:59] Step 03300 | Loss: 0.725874 | Reward Acc: 0.5000
[09:01:03] Step 03310 | Loss: 0.756747 | Reward Acc: 0.5000
[09:01:07] Step 03320 | Loss: 0.495695 | Reward Acc: 1.0000
[09:01:11] Step 03330 | Loss: 0.724934 | Reward Acc: 0.0000
[09:01:15] Step 03340 | Loss: 0.679430 | Reward Acc: 0.5000
[09:01:19] Step 03350 | Loss: 0.629891 | Reward Acc: 0.5000
[09:01:23] Step 03360 | Loss: 0.628847 | Reward Acc: 1.0000
[09:01:27] Step 03370 | Loss: 0.646419 | Reward Acc: 0.5000
[09:01:31] Step 03380 | Loss: 0.821722 | Reward Acc: 0.0000
[09:01:35] Step 03390 | Loss: 0.493495 | Reward Acc: 1.0000
[09:01:39] Step 03400 | Loss: 0.556845 | Reward Acc: 1.0000
[09:01:43] Step 03410 | Loss: 0.834914 | Reward Acc: 0.5000
[09:01:47] Step 03420 | Loss: 0.477990 | Reward Acc: 1.0000
[09:01:51] Step 03430 | Loss: 0.560850 | Reward Acc: 0.5000
[09:01:55] Step 03440 | Loss: 0.470842 | Reward Acc: 1.0000
[09:01:59] Step 03450 | Loss: 0.235031 | Reward Acc: 1.0000
[09:02:03] Step 03460 | Loss: 0.654848 | Reward Acc: 0.5000
[09:02:07] Step 03470 | Loss: 0.684967 | Reward Acc: 0.5000
[09:02:11] Step 03480 | Loss: 0.595857 | Reward Acc: 1.0000
[09:02:15] Step 03490 | Loss: 0.692170 | Reward Acc: 0.5000
[09:02:18] Step 03500 | Loss: 0.772959 | Reward Acc: 0.5000
[09:02:18] Saving checkpoint to checkpoints/ckpt_step_3500.pkl...
[09:02:23] Step 03510 | Loss: 0.735434 | Reward Acc: 0.0000
[09:02:26] Step 03520 | Loss: 0.792848 | Reward Acc: 0.5000
[09:02:30] Step 03530 | Loss: 0.335970 | Reward Acc: 1.0000
[09:02:34] Step 03540 | Loss: 0.786648 | Reward Acc: 0.5000
[09:02:38] Step 03550 | Loss: 0.539149 | Reward Acc: 1.0000
[09:02:42] Step 03560 | Loss: 0.737522 | Reward Acc: 0.5000
[09:02:46] Step 03570 | Loss: 0.822546 | Reward Acc: 0.5000
[09:02:50] Step 03580 | Loss: 0.547208 | Reward Acc: 0.5000
[09:02:54] Step 03590 | Loss: 0.611564 | Reward Acc: 0.5000
[09:02:58] Step 03600 | Loss: 0.415326 | Reward Acc: 1.0000
[09:03:02] Step 03610 | Loss: 0.725935 | Reward Acc: 0.5000
[09:03:06] Step 03620 | Loss: 0.494163 | Reward Acc: 1.0000
[09:03:10] Step 03630 | Loss: 0.445417 | Reward Acc: 1.0000
[09:03:14] Step 03640 | Loss: 0.695247 | Reward Acc: 0.5000
[09:03:18] Step 03650 | Loss: 0.868580 | Reward Acc: 0.5000
[09:03:22] Step 03660 | Loss: 0.793931 | Reward Acc: 0.5000
[09:03:26] Step 03670 | Loss: 0.452802 | Reward Acc: 0.5000
[09:03:30] Step 03680 | Loss: 0.667298 | Reward Acc: 0.5000
[09:03:34] Step 03690 | Loss: 0.484512 | Reward Acc: 1.0000
[09:03:38] Step 03700 | Loss: 0.597473 | Reward Acc: 1.0000
[09:03:42] Step 03710 | Loss: 0.764322 | Reward Acc: 0.5000
[09:03:46] Step 03720 | Loss: 0.673287 | Reward Acc: 0.5000
[09:03:50] Step 03730 | Loss: 0.329109 | Reward Acc: 1.0000
[09:03:54] Step 03740 | Loss: 0.548286 | Reward Acc: 1.0000
[09:03:58] Step 03750 | Loss: 0.711266 | Reward Acc: 0.0000
[09:04:02] Step 03760 | Loss: 0.591209 | Reward Acc: 1.0000
[09:04:06] Step 03770 | Loss: 0.456753 | Reward Acc: 1.0000
[09:04:10] Step 03780 | Loss: 0.673316 | Reward Acc: 0.5000
[09:04:13] Step 03790 | Loss: 0.710184 | Reward Acc: 0.0000
[09:04:17] Step 03800 | Loss: 0.600666 | Reward Acc: 1.0000
[09:04:21] Step 03810 | Loss: 0.661320 | Reward Acc: 0.5000
[09:04:25] Step 03820 | Loss: 0.518334 | Reward Acc: 1.0000
[09:04:29] Step 03830 | Loss: 0.508038 | Reward Acc: 0.5000
[09:04:33] Step 03840 | Loss: 0.742449 | Reward Acc: 0.0000
[09:04:37] Step 03850 | Loss: 0.379087 | Reward Acc: 1.0000
[09:04:41] Step 03860 | Loss: 0.717134 | Reward Acc: 0.0000
[09:04:45] Step 03870 | Loss: 0.725125 | Reward Acc: 0.0000
[09:04:49] Step 03880 | Loss: 0.636653 | Reward Acc: 0.5000
[09:04:53] Step 03890 | Loss: 0.603920 | Reward Acc: 1.0000
[09:04:57] Step 03900 | Loss: 0.494309 | Reward Acc: 1.0000
[09:05:01] Step 03910 | Loss: 0.281072 | Reward Acc: 1.0000
[09:05:05] Step 03920 | Loss: 0.401889 | Reward Acc: 0.5000
[09:05:09] Step 03930 | Loss: 0.439063 | Reward Acc: 1.0000
[09:05:13] Step 03940 | Loss: 0.496961 | Reward Acc: 1.0000
[09:05:17] Step 03950 | Loss: 0.693321 | Reward Acc: 0.5000
[09:05:21] Step 03960 | Loss: 0.631593 | Reward Acc: 0.5000
[09:05:25] Step 03970 | Loss: 0.332095 | Reward Acc: 1.0000
[09:05:29] Step 03980 | Loss: 0.694683 | Reward Acc: 0.5000
[09:05:33] Step 03990 | Loss: 0.535031 | Reward Acc: 0.5000
[09:05:37] Step 04000 | Loss: 0.738841 | Reward Acc: 0.0000
[09:05:37] Saving checkpoint to checkpoints/ckpt_step_4000.pkl...
[09:05:41] Step 04010 | Loss: 0.722239 | Reward Acc: 0.5000
[09:05:45] Step 04020 | Loss: 0.609062 | Reward Acc: 0.5000
[09:05:49] Step 04030 | Loss: 0.637731 | Reward Acc: 0.5000
[09:05:53] Step 04040 | Loss: 0.809852 | Reward Acc: 0.0000
[09:05:57] Step 04050 | Loss: 0.636675 | Reward Acc: 0.5000
[09:06:01] Step 04060 | Loss: 0.824857 | Reward Acc: 0.0000
[09:06:05] Step 04070 | Loss: 1.292100 | Reward Acc: 0.5000
[09:06:08] Step 04080 | Loss: 0.469920 | Reward Acc: 1.0000
[09:06:12] Step 04090 | Loss: 0.597752 | Reward Acc: 1.0000
[09:06:16] Step 04100 | Loss: 0.472164 | Reward Acc: 1.0000
[09:06:20] Step 04110 | Loss: 0.747793 | Reward Acc: 0.5000
[09:06:24] Step 04120 | Loss: 0.599446 | Reward Acc: 1.0000
[09:06:28] Step 04130 | Loss: 0.726697 | Reward Acc: 0.5000
[09:06:32] Step 04140 | Loss: 0.639019 | Reward Acc: 0.5000
[09:06:36] Step 04150 | Loss: 0.656413 | Reward Acc: 0.5000
[09:06:40] Step 04160 | Loss: 0.913493 | Reward Acc: 0.5000
[09:06:44] Step 04170 | Loss: 0.725155 | Reward Acc: 0.0000
[09:06:48] Step 04180 | Loss: 0.698680 | Reward Acc: 0.5000
[09:06:52] Step 04190 | Loss: 0.716061 | Reward Acc: 0.5000
[09:06:56] Step 04200 | Loss: 0.733622 | Reward Acc: 0.5000
[09:07:00] Step 04210 | Loss: 0.839913 | Reward Acc: 0.0000
[09:07:04] Step 04220 | Loss: 0.955926 | Reward Acc: 0.5000
[09:07:08] Step 04230 | Loss: 0.869870 | Reward Acc: 0.0000
[09:07:12] Step 04240 | Loss: 0.521080 | Reward Acc: 1.0000
[09:07:16] Step 04250 | Loss: 0.561553 | Reward Acc: 1.0000
[09:07:20] Step 04260 | Loss: 0.867216 | Reward Acc: 0.0000
[09:07:24] Step 04270 | Loss: 0.569202 | Reward Acc: 1.0000
[09:07:28] Step 04280 | Loss: 0.491604 | Reward Acc: 1.0000
[09:07:32] Step 04290 | Loss: 0.716050 | Reward Acc: 0.5000
[09:07:36] Step 04300 | Loss: 0.783162 | Reward Acc: 0.5000
[09:07:40] Step 04310 | Loss: 0.649157 | Reward Acc: 1.0000
[09:07:44] Step 04320 | Loss: 0.755303 | Reward Acc: 0.5000
[09:07:48] Step 04330 | Loss: 0.780528 | Reward Acc: 0.0000
[09:07:52] Step 04340 | Loss: 0.809070 | Reward Acc: 0.5000
[09:07:56] Step 04350 | Loss: 0.709164 | Reward Acc: 0.5000
[09:07:59] Step 04360 | Loss: 0.422919 | Reward Acc: 1.0000
[09:08:03] Step 04370 | Loss: 0.695785 | Reward Acc: 0.5000
[09:08:07] Step 04380 | Loss: 0.590175 | Reward Acc: 1.0000
[09:08:11] Step 04390 | Loss: 0.692331 | Reward Acc: 0.5000
[09:08:15] Step 04400 | Loss: 0.719182 | Reward Acc: 0.5000
[09:08:19] Step 04410 | Loss: 0.615098 | Reward Acc: 1.0000
[09:08:23] Step 04420 | Loss: 0.661136 | Reward Acc: 0.5000
[09:08:27] Step 04430 | Loss: 0.532536 | Reward Acc: 1.0000
[09:08:31] Step 04440 | Loss: 0.630052 | Reward Acc: 0.5000
[09:08:35] Step 04450 | Loss: 0.699124 | Reward Acc: 0.5000
[09:08:39] Step 04460 | Loss: 0.523880 | Reward Acc: 0.5000
[09:08:43] Step 04470 | Loss: 0.680433 | Reward Acc: 0.5000
[09:08:47] Step 04480 | Loss: 0.721951 | Reward Acc: 0.5000
[09:08:51] Step 04490 | Loss: 0.729201 | Reward Acc: 0.0000
[09:08:55] Step 04500 | Loss: 0.666106 | Reward Acc: 0.5000
[09:08:55] Saving checkpoint to checkpoints/ckpt_step_4500.pkl...
[09:08:59] Step 04510 | Loss: 0.537767 | Reward Acc: 1.0000
[09:09:03] Step 04520 | Loss: 0.627981 | Reward Acc: 0.5000
[09:09:07] Step 04530 | Loss: 0.673241 | Reward Acc: 0.5000
[09:09:11] Step 04540 | Loss: 0.653628 | Reward Acc: 1.0000
[09:09:15] Step 04550 | Loss: 0.652638 | Reward Acc: 1.0000
[09:09:19] Step 04560 | Loss: 0.718045 | Reward Acc: 0.0000
[09:09:23] Step 04570 | Loss: 0.828250 | Reward Acc: 0.0000
[09:09:27] Step 04580 | Loss: 0.659879 | Reward Acc: 1.0000
[09:09:31] Step 04590 | Loss: 0.896573 | Reward Acc: 0.5000
[09:09:35] Step 04600 | Loss: 0.700792 | Reward Acc: 0.5000
[09:09:39] Step 04610 | Loss: 0.527466 | Reward Acc: 0.5000
[09:09:43] Step 04620 | Loss: 0.613020 | Reward Acc: 0.5000
[09:09:47] Step 04630 | Loss: 0.587120 | Reward Acc: 1.0000
[09:09:51] Step 04640 | Loss: 0.730194 | Reward Acc: 0.5000
[09:09:54] Step 04650 | Loss: 0.575393 | Reward Acc: 0.5000
[09:09:58] Step 04660 | Loss: 0.820922 | Reward Acc: 0.5000
[09:10:02] Step 04670 | Loss: 0.638094 | Reward Acc: 0.5000
[09:10:06] Step 04680 | Loss: 0.780284 | Reward Acc: 0.0000
[09:10:10] Step 04690 | Loss: 0.408107 | Reward Acc: 1.0000
[09:10:14] Step 04700 | Loss: 0.509394 | Reward Acc: 0.5000
[09:10:18] Step 04710 | Loss: 0.724998 | Reward Acc: 0.5000
[09:10:22] Step 04720 | Loss: 0.592824 | Reward Acc: 1.0000
[09:10:26] Step 04730 | Loss: 0.579275 | Reward Acc: 0.5000
[09:10:30] Step 04740 | Loss: 0.729603 | Reward Acc: 0.5000
[09:10:34] Step 04750 | Loss: 0.612247 | Reward Acc: 1.0000
[09:10:38] Step 04760 | Loss: 0.649785 | Reward Acc: 0.5000
[09:10:42] Step 04770 | Loss: 0.817565 | Reward Acc: 0.5000
[09:10:46] Step 04780 | Loss: 0.554800 | Reward Acc: 0.5000
[09:10:50] Step 04790 | Loss: 0.615557 | Reward Acc: 1.0000
[09:10:54] Step 04800 | Loss: 0.897927 | Reward Acc: 0.5000
[09:10:58] Step 04810 | Loss: 0.573555 | Reward Acc: 1.0000
[09:11:02] Step 04820 | Loss: 0.558326 | Reward Acc: 1.0000
[09:11:06] Step 04830 | Loss: 0.659347 | Reward Acc: 0.5000
[09:11:10] Step 04840 | Loss: 0.636279 | Reward Acc: 1.0000
[09:11:14] Step 04850 | Loss: 0.689168 | Reward Acc: 0.5000
[09:11:18] Step 04860 | Loss: 0.560016 | Reward Acc: 1.0000
[09:11:22] Step 04870 | Loss: 0.688303 | Reward Acc: 0.5000
[09:11:26] Step 04880 | Loss: 0.495882 | Reward Acc: 1.0000
[09:11:30] Step 04890 | Loss: 0.661214 | Reward Acc: 0.5000
[09:11:34] Step 04900 | Loss: 0.667517 | Reward Acc: 0.5000
[09:11:38] Step 04910 | Loss: 0.483511 | Reward Acc: 1.0000
[09:11:42] Step 04920 | Loss: 0.501664 | Reward Acc: 1.0000
[09:11:45] Step 04930 | Loss: 0.662749 | Reward Acc: 1.0000
[09:11:49] Step 04940 | Loss: 0.752672 | Reward Acc: 0.0000
[09:11:53] Step 04950 | Loss: 0.564261 | Reward Acc: 0.5000
[09:11:57] Step 04960 | Loss: 0.803955 | Reward Acc: 0.0000
[09:12:01] Step 04970 | Loss: 0.650655 | Reward Acc: 1.0000
[09:12:05] Step 04980 | Loss: 0.692772 | Reward Acc: 0.5000
[09:12:09] Step 04990 | Loss: 0.526559 | Reward Acc: 1.0000
[09:12:13] Step 05000 | Loss: 0.755943 | Reward Acc: 0.5000
[09:12:13] Saving checkpoint to checkpoints/ckpt_step_5000.pkl...
[09:12:17] Step 05010 | Loss: 0.749727 | Reward Acc: 0.0000
[09:12:21] Step 05020 | Loss: 0.767403 | Reward Acc: 0.5000
[09:12:25] Step 05030 | Loss: 0.679964 | Reward Acc: 1.0000
[09:12:29] Step 05040 | Loss: 0.608371 | Reward Acc: 0.5000
[09:12:33] Step 05050 | Loss: 0.857465 | Reward Acc: 0.0000
[09:12:37] Step 05060 | Loss: 0.544972 | Reward Acc: 1.0000
[09:12:41] Step 05070 | Loss: 0.541466 | Reward Acc: 1.0000
[09:12:45] Step 05080 | Loss: 0.429151 | Reward Acc: 1.0000
[09:12:49] Step 05090 | Loss: 0.482802 | Reward Acc: 1.0000
[09:12:53] Step 05100 | Loss: 0.645362 | Reward Acc: 1.0000
[09:12:57] Step 05110 | Loss: 0.564710 | Reward Acc: 0.5000
[09:13:01] Step 05120 | Loss: 0.225465 | Reward Acc: 1.0000
[09:13:05] Step 05130 | Loss: 0.740842 | Reward Acc: 0.5000
[09:13:09] Step 05140 | Loss: 0.644378 | Reward Acc: 0.5000
[09:13:13] Step 05150 | Loss: 0.586551 | Reward Acc: 0.5000
[09:13:17] Step 05160 | Loss: 0.535146 | Reward Acc: 1.0000
[09:13:21] Step 05170 | Loss: 0.825997 | Reward Acc: 0.5000
[09:13:25] Step 05180 | Loss: 0.831098 | Reward Acc: 0.0000
[09:13:29] Step 05190 | Loss: 0.534330 | Reward Acc: 1.0000
[09:13:33] Step 05200 | Loss: 0.493464 | Reward Acc: 1.0000
[09:13:37] Step 05210 | Loss: 0.688370 | Reward Acc: 0.5000
[09:13:40] Step 05220 | Loss: 0.539586 | Reward Acc: 1.0000
[09:13:44] Step 05230 | Loss: 0.606966 | Reward Acc: 1.0000
[09:13:48] Step 05240 | Loss: 0.520182 | Reward Acc: 0.5000
[09:13:52] Step 05250 | Loss: 0.808200 | Reward Acc: 0.5000
[09:13:56] Step 05260 | Loss: 1.639389 | Reward Acc: 0.0000
[09:14:00] Step 05270 | Loss: 0.706682 | Reward Acc: 0.5000
[09:14:04] Step 05280 | Loss: 0.687224 | Reward Acc: 0.5000
[09:14:08] Step 05290 | Loss: 0.667745 | Reward Acc: 0.5000
[09:14:12] Step 05300 | Loss: 0.663764 | Reward Acc: 0.5000
[09:14:16] Step 05310 | Loss: 0.457983 | Reward Acc: 1.0000
[09:14:20] Step 05320 | Loss: 0.893784 | Reward Acc: 0.5000
[09:14:24] Step 05330 | Loss: 0.705087 | Reward Acc: 0.5000
[09:14:28] Step 05340 | Loss: 0.375742 | Reward Acc: 1.0000
[09:14:32] Step 05350 | Loss: 0.638694 | Reward Acc: 1.0000
[09:14:36] Step 05360 | Loss: 0.839222 | Reward Acc: 0.0000
[09:14:40] Step 05370 | Loss: 0.439345 | Reward Acc: 1.0000
[09:14:44] Step 05380 | Loss: 0.694447 | Reward Acc: 0.5000
[09:14:48] Step 05390 | Loss: 0.533194 | Reward Acc: 1.0000
[09:14:52] Step 05400 | Loss: 0.363094 | Reward Acc: 1.0000
[09:14:56] Step 05410 | Loss: 0.657677 | Reward Acc: 0.5000
[09:15:00] Step 05420 | Loss: 0.643639 | Reward Acc: 0.5000
[09:15:04] Step 05430 | Loss: 0.515822 | Reward Acc: 1.0000
[09:15:08] Step 05440 | Loss: 0.719788 | Reward Acc: 0.5000
[09:15:12] Step 05450 | Loss: 0.646844 | Reward Acc: 1.0000
[09:15:16] Step 05460 | Loss: 0.701680 | Reward Acc: 0.5000
[09:15:20] Step 05470 | Loss: 0.649989 | Reward Acc: 0.5000
[09:15:24] Step 05480 | Loss: 0.756975 | Reward Acc: 0.0000
[09:15:28] Step 05490 | Loss: 0.358282 | Reward Acc: 1.0000
[09:15:31] Step 05500 | Loss: 1.159594 | Reward Acc: 0.5000
[09:15:31] Saving checkpoint to checkpoints/ckpt_step_5500.pkl...
[09:15:36] Step 05510 | Loss: 0.601755 | Reward Acc: 0.5000
[09:15:39] Step 05520 | Loss: 0.738174 | Reward Acc: 0.0000
[09:15:43] Step 05530 | Loss: 0.564451 | Reward Acc: 1.0000
[09:15:47] Step 05540 | Loss: 0.567443 | Reward Acc: 1.0000
[09:15:51] Step 05550 | Loss: 0.480226 | Reward Acc: 1.0000
[09:15:55] Step 05560 | Loss: 0.690668 | Reward Acc: 0.5000
[09:15:59] Step 05570 | Loss: 0.548822 | Reward Acc: 1.0000
[09:16:03] Step 05580 | Loss: 0.546427 | Reward Acc: 1.0000
[09:16:07] Step 05590 | Loss: 0.567762 | Reward Acc: 1.0000
[09:16:11] Step 05600 | Loss: 0.612430 | Reward Acc: 1.0000
[09:16:15] Step 05610 | Loss: 0.713345 | Reward Acc: 0.5000
[09:16:19] Step 05620 | Loss: 0.465970 | Reward Acc: 1.0000
[09:16:23] Step 05630 | Loss: 0.579689 | Reward Acc: 1.0000
[09:16:27] Step 05640 | Loss: 0.653432 | Reward Acc: 0.5000
[09:16:31] Step 05650 | Loss: 0.794625 | Reward Acc: 0.0000
[09:16:35] Step 05660 | Loss: 0.406565 | Reward Acc: 1.0000
[09:16:39] Step 05670 | Loss: 0.649207 | Reward Acc: 0.5000
[09:16:43] Step 05680 | Loss: 0.703445 | Reward Acc: 0.5000
[09:16:47] Step 05690 | Loss: 0.428456 | Reward Acc: 1.0000
[09:16:51] Step 05700 | Loss: 0.453053 | Reward Acc: 0.5000
[09:16:55] Step 05710 | Loss: 0.773207 | Reward Acc: 0.5000
[09:16:59] Step 05720 | Loss: 0.821586 | Reward Acc: 0.0000
[09:17:03] Step 05730 | Loss: 0.421824 | Reward Acc: 1.0000
[09:17:07] Step 05740 | Loss: 0.769795 | Reward Acc: 0.5000
[09:17:11] Step 05750 | Loss: 0.041365 | Reward Acc: 1.0000
[09:17:15] Step 05760 | Loss: 1.052302 | Reward Acc: 0.5000
[09:17:19] Step 05770 | Loss: 0.309938 | Reward Acc: 1.0000
[09:17:23] Step 05780 | Loss: 0.617972 | Reward Acc: 1.0000
[09:17:27] Step 05790 | Loss: 0.675831 | Reward Acc: 0.5000
[09:17:31] Step 05800 | Loss: 0.545964 | Reward Acc: 1.0000
[09:17:34] Step 05810 | Loss: 0.763093 | Reward Acc: 0.5000
[09:17:38] Step 05820 | Loss: 0.792742 | Reward Acc: 0.5000
[09:17:42] Step 05830 | Loss: 0.396522 | Reward Acc: 1.0000
[09:17:46] Step 05840 | Loss: 0.843853 | Reward Acc: 0.0000
[09:17:50] Step 05850 | Loss: 0.456549 | Reward Acc: 1.0000
[09:17:54] Step 05860 | Loss: 0.415553 | Reward Acc: 0.5000
[09:17:58] Step 05870 | Loss: 0.727031 | Reward Acc: 0.0000
[09:18:02] Step 05880 | Loss: 0.729770 | Reward Acc: 0.5000
[09:18:06] Step 05890 | Loss: 1.602214 | Reward Acc: 0.0000
[09:18:10] Step 05900 | Loss: 0.547173 | Reward Acc: 1.0000
[09:18:14] Step 05910 | Loss: 0.647313 | Reward Acc: 0.5000
[09:18:18] Step 05920 | Loss: 0.388465 | Reward Acc: 1.0000
[09:18:22] Step 05930 | Loss: 0.660326 | Reward Acc: 0.5000
[09:18:26] Step 05940 | Loss: 0.363725 | Reward Acc: 1.0000
[09:18:30] Step 05950 | Loss: 0.484668 | Reward Acc: 1.0000
[09:18:34] Step 05960 | Loss: 0.629050 | Reward Acc: 1.0000
[09:18:38] Step 05970 | Loss: 0.279810 | Reward Acc: 1.0000
[09:18:42] Step 05980 | Loss: 0.612330 | Reward Acc: 0.5000
[09:18:46] Step 05990 | Loss: 0.680928 | Reward Acc: 0.5000
[09:18:50] Step 06000 | Loss: 0.626500 | Reward Acc: 0.5000
[09:18:50] Saving checkpoint to checkpoints/ckpt_step_6000.pkl...
[09:18:54] Step 06010 | Loss: 0.598758 | Reward Acc: 0.5000
[09:18:58] Step 06020 | Loss: 0.662699 | Reward Acc: 0.5000
[09:19:02] Step 06030 | Loss: 0.712068 | Reward Acc: 0.0000
[09:19:06] Step 06040 | Loss: 0.841135 | Reward Acc: 0.0000
[09:19:10] Step 06050 | Loss: 0.643417 | Reward Acc: 1.0000
[09:19:14] Step 06060 | Loss: 1.132182 | Reward Acc: 0.0000
[09:19:18] Step 06070 | Loss: 0.573293 | Reward Acc: 1.0000
[09:19:22] Step 06080 | Loss: 0.573835 | Reward Acc: 1.0000
[09:19:26] Step 06090 | Loss: 0.607420 | Reward Acc: 1.0000
[09:19:30] Step 06100 | Loss: 0.666284 | Reward Acc: 0.5000
[09:19:33] Step 06110 | Loss: 0.784803 | Reward Acc: 0.0000
[09:19:37] Step 06120 | Loss: 0.657560 | Reward Acc: 0.5000
[09:19:41] Step 06130 | Loss: 0.505130 | Reward Acc: 1.0000
[09:19:45] Step 06140 | Loss: 0.812455 | Reward Acc: 0.0000
[09:19:49] Step 06150 | Loss: 0.731503 | Reward Acc: 0.5000
[09:19:53] Step 06160 | Loss: 0.972684 | Reward Acc: 0.0000
[09:19:57] Step 06170 | Loss: 0.445857 | Reward Acc: 1.0000
[09:20:01] Step 06180 | Loss: 0.431964 | Reward Acc: 1.0000
[09:20:05] Step 06190 | Loss: 0.548714 | Reward Acc: 1.0000
[09:20:09] Step 06200 | Loss: 0.552798 | Reward Acc: 1.0000
[09:20:13] Step 06210 | Loss: 0.790237 | Reward Acc: 0.5000
[09:20:17] Step 06220 | Loss: 0.646095 | Reward Acc: 1.0000
[09:20:21] Step 06230 | Loss: 0.623886 | Reward Acc: 0.5000
[09:20:25] Step 06240 | Loss: 0.672594 | Reward Acc: 0.5000
[09:20:29] Step 06250 | Loss: 0.545533 | Reward Acc: 1.0000
[09:20:33] Step 06260 | Loss: 0.699973 | Reward Acc: 0.0000
[09:20:37] Step 06270 | Loss: 0.473861 | Reward Acc: 1.0000
[09:20:41] Step 06280 | Loss: 0.775512 | Reward Acc: 0.5000
[09:20:45] Step 06290 | Loss: 0.422000 | Reward Acc: 1.0000
[09:20:49] Step 06300 | Loss: 0.706598 | Reward Acc: 0.5000
[09:20:53] Step 06310 | Loss: 0.661618 | Reward Acc: 1.0000
[09:20:57] Step 06320 | Loss: 0.623346 | Reward Acc: 0.5000
[09:21:01] Step 06330 | Loss: 0.619782 | Reward Acc: 0.5000
[09:21:05] Step 06340 | Loss: 0.338437 | Reward Acc: 1.0000
[09:21:09] Step 06350 | Loss: 0.901996 | Reward Acc: 0.0000
[09:21:13] Step 06360 | Loss: 0.402910 | Reward Acc: 1.0000
[09:21:17] Step 06370 | Loss: 0.514340 | Reward Acc: 0.5000
[09:21:21] Step 06380 | Loss: 0.653218 | Reward Acc: 1.0000
[09:21:24] Step 06390 | Loss: 0.741509 | Reward Acc: 0.0000
[09:21:28] Step 06400 | Loss: 0.368565 | Reward Acc: 1.0000
[09:21:32] Step 06410 | Loss: 0.534520 | Reward Acc: 1.0000
[09:21:36] Step 06420 | Loss: 0.321866 | Reward Acc: 1.0000
[09:21:40] Step 06430 | Loss: 0.462652 | Reward Acc: 0.5000
[09:21:44] Step 06440 | Loss: 0.563546 | Reward Acc: 1.0000
[09:21:48] Step 06450 | Loss: 0.421092 | Reward Acc: 1.0000
[09:21:52] Step 06460 | Loss: 0.736096 | Reward Acc: 0.0000
[09:21:56] Step 06470 | Loss: 1.174384 | Reward Acc: 0.0000
[09:22:00] Step 06480 | Loss: 0.806093 | Reward Acc: 0.5000
[09:22:04] Step 06490 | Loss: 0.813795 | Reward Acc: 0.5000
[09:22:08] Step 06500 | Loss: 0.789423 | Reward Acc: 0.5000
[09:22:08] Saving checkpoint to checkpoints/ckpt_step_6500.pkl...
[09:22:12] Step 06510 | Loss: 0.436926 | Reward Acc: 1.0000
[09:22:16] Step 06520 | Loss: 0.386362 | Reward Acc: 0.5000
[09:22:20] Step 06530 | Loss: 0.651201 | Reward Acc: 1.0000
[09:22:24] Step 06540 | Loss: 0.764946 | Reward Acc: 0.5000
[09:22:28] Step 06550 | Loss: 0.634794 | Reward Acc: 1.0000
[09:22:32] Step 06560 | Loss: 0.403223 | Reward Acc: 1.0000
[09:22:36] Step 06570 | Loss: 0.457902 | Reward Acc: 1.0000
[09:22:40] Step 06580 | Loss: 0.829655 | Reward Acc: 0.5000
[09:22:44] Step 06590 | Loss: 0.622084 | Reward Acc: 0.5000
[09:22:48] Step 06600 | Loss: 0.598257 | Reward Acc: 0.5000
[09:22:52] Step 06610 | Loss: 0.874079 | Reward Acc: 0.5000
[09:22:56] Step 06620 | Loss: 0.980410 | Reward Acc: 0.5000
[09:23:00] Step 06630 | Loss: 0.382390 | Reward Acc: 1.0000
[09:23:04] Step 06640 | Loss: 0.662658 | Reward Acc: 0.5000
[09:23:08] Step 06650 | Loss: 0.460668 | Reward Acc: 1.0000
[09:23:12] Step 06660 | Loss: 0.539207 | Reward Acc: 1.0000
[09:23:16] Step 06670 | Loss: 0.591877 | Reward Acc: 1.0000
[09:23:19] Step 06680 | Loss: 0.663233 | Reward Acc: 0.5000
[09:23:23] Step 06690 | Loss: 0.732642 | Reward Acc: 0.5000
[09:23:27] Step 06700 | Loss: 0.468745 | Reward Acc: 0.5000
[09:23:31] Step 06710 | Loss: 0.672025 | Reward Acc: 0.5000
[09:23:35] Step 06720 | Loss: 0.979535 | Reward Acc: 0.0000
[09:23:39] Step 06730 | Loss: 0.932959 | Reward Acc: 0.5000
[09:23:43] Step 06740 | Loss: 0.475348 | Reward Acc: 1.0000
[09:23:47] Step 06750 | Loss: 0.551369 | Reward Acc: 1.0000
[09:23:51] Step 06760 | Loss: 0.518968 | Reward Acc: 1.0000
[09:23:55] Step 06770 | Loss: 0.736629 | Reward Acc: 0.5000
[09:23:59] Step 06780 | Loss: 0.593106 | Reward Acc: 0.5000
[09:24:03] Step 06790 | Loss: 0.826676 | Reward Acc: 0.0000
[09:24:07] Step 06800 | Loss: 0.705921 | Reward Acc: 0.5000
[09:24:11] Step 06810 | Loss: 0.604416 | Reward Acc: 0.5000
[09:24:15] Step 06820 | Loss: 0.448092 | Reward Acc: 1.0000
[09:24:19] Step 06830 | Loss: 0.674852 | Reward Acc: 0.5000
[09:24:23] Step 06840 | Loss: 1.045392 | Reward Acc: 0.0000
[09:24:27] Step 06850 | Loss: 0.732412 | Reward Acc: 0.0000
[09:24:31] Step 06860 | Loss: 0.606568 | Reward Acc: 1.0000
[09:24:35] Step 06870 | Loss: 0.193172 | Reward Acc: 1.0000
[09:24:39] Step 06880 | Loss: 0.566482 | Reward Acc: 1.0000
[09:24:43] Step 06890 | Loss: 0.860407 | Reward Acc: 0.0000
[09:24:47] Step 06900 | Loss: 0.618771 | Reward Acc: 1.0000
[09:24:51] Step 06910 | Loss: 0.543675 | Reward Acc: 1.0000
[09:24:55] Step 06920 | Loss: 0.444967 | Reward Acc: 1.0000
[09:24:59] Step 06930 | Loss: 0.701991 | Reward Acc: 0.5000
[09:25:03] Step 06940 | Loss: 0.646903 | Reward Acc: 0.5000
[09:25:07] Step 06950 | Loss: 0.520000 | Reward Acc: 1.0000
[09:25:10] Step 06960 | Loss: 0.773944 | Reward Acc: 0.5000
[09:25:14] Step 06970 | Loss: 0.729236 | Reward Acc: 0.5000
[09:25:18] Step 06980 | Loss: 0.604351 | Reward Acc: 0.5000
[09:25:22] Step 06990 | Loss: 0.700642 | Reward Acc: 0.5000
[09:25:26] Step 07000 | Loss: 0.480714 | Reward Acc: 0.5000
[09:25:26] Saving checkpoint to checkpoints/ckpt_step_7000.pkl...
[09:25:30] Step 07010 | Loss: 0.575880 | Reward Acc: 1.0000
[09:25:34] Step 07020 | Loss: 0.614890 | Reward Acc: 0.5000
[09:25:38] Step 07030 | Loss: 0.375285 | Reward Acc: 1.0000
[09:25:42] Step 07040 | Loss: 0.590254 | Reward Acc: 0.5000
[09:25:46] Step 07050 | Loss: 0.803722 | Reward Acc: 0.5000
[09:25:50] Step 07060 | Loss: 0.595832 | Reward Acc: 0.5000
[09:25:54] Step 07070 | Loss: 0.605064 | Reward Acc: 0.5000
[09:25:58] Step 07080 | Loss: 0.919793 | Reward Acc: 0.5000
[09:26:02] Step 07090 | Loss: 0.523267 | Reward Acc: 0.5000
[09:26:06] Step 07100 | Loss: 0.671571 | Reward Acc: 0.5000
[09:26:10] Step 07110 | Loss: 0.475915 | Reward Acc: 1.0000
[09:26:14] Step 07120 | Loss: 0.508798 | Reward Acc: 1.0000
[09:26:18] Step 07130 | Loss: 0.345115 | Reward Acc: 1.0000
